[Driver] Starting Random vs Random Singles test (SYNCHRONOUS)
[Driver] SyncSimulator created
[SyncSimulator.OnChoiceRequested] Choice requested for P1
[SyncSimulator.OnChoiceRequested] Received choice for P1: 0 actions
[SyncSimulator.OnChoiceRequested] Empty choice, using AutoChoose for P1
[SyncSimulator.OnChoiceRequested] After AutoChoose: 6 actions
[SyncSimulator.OnChoiceRequested] Choice requested for P2
[SyncSimulator.OnChoiceRequested] Received choice for P2: 0 actions
[SyncSimulator.OnChoiceRequested] Empty choice, using AutoChoose for P2
[SyncSimulator.OnChoiceRequested] After AutoChoose: 6 actions
[SyncSimulator.OnChoiceRequested] Choice requested for P1
[SyncSimulator.OnChoiceRequested] Received choice for P1: 0 actions
[SyncSimulator.OnChoiceRequested] Empty choice, using AutoChoose for P1
[SyncSimulator.OnChoiceRequested] After AutoChoose: 1 actions
[SyncSimulator.OnChoiceRequested] Choice requested for P2
[SyncSimulator.OnChoiceRequested] Received choice for P2: 0 actions
[SyncSimulator.OnChoiceRequested] Empty choice, using AutoChoose for P2
[SyncSimulator.OnChoiceRequested] After AutoChoose: 1 actions
[SyncSimulator.OnChoiceRequested] Choice requested for P1
[SyncSimulator.OnChoiceRequested] Received choice for P1: 0 actions
[SyncSimulator.OnChoiceRequested] Empty choice, using AutoChoose for P1
[SyncSimulator.OnChoiceRequested] After AutoChoose: 1 actions
[SyncSimulator.OnChoiceRequested] Choice requested for P2
[SyncSimulator.OnChoiceRequested] Received choice for P2: 0 actions
[SyncSimulator.OnChoiceRequested] Empty choice, using AutoChoose for P2
[SyncSimulator.OnChoiceRequested] After AutoChoose: 1 actions
[SyncSimulator.OnChoiceRequested] Choice requested for P1
[SyncSimulator.OnChoiceRequested] Received choice for P1: 0 actions
[SyncSimulator.OnChoiceRequested] Empty choice, using AutoChoose for P1
[SyncSimulator.OnChoiceRequested] After AutoChoose: 1 actions
[SyncSimulator.OnChoiceRequested] Choice requested for P2
[SyncSimulator.OnChoiceRequested] Received choice for P2: 0 actions
[SyncSimulator.OnChoiceRequested] Empty choice, using AutoChoose for P2
[SyncSimulator.OnChoiceRequested] After AutoChoose: 1 actions
[SyncSimulator.OnChoiceRequested] Choice requested for P1
[SyncSimulator.OnChoiceRequested] Received choice for P1: 0 actions
[SyncSimulator.OnChoiceRequested] Empty choice, using AutoChoose for P1
[SyncSimulator.OnChoiceRequested] After AutoChoose: 1 actions
[SyncSimulator.OnChoiceRequested] Choice requested for P2
[SyncSimulator.OnChoiceRequested] Received choice for P2: 0 actions
[SyncSimulator.OnChoiceRequested] Empty choice, using AutoChoose for P2
[SyncSimulator.OnChoiceRequested] After AutoChoose: 1 actions
[SyncSimulator.OnChoiceRequested] Choice requested for P1
[SyncSimulator.OnChoiceRequested] Received choice for P1: 0 actions
[SyncSimulator.OnChoiceRequested] Empty choice, using AutoChoose for P1
[SyncSimulator.OnChoiceRequested] After AutoChoose: 1 actions
[SyncSimulator.OnChoiceRequested] Choice requested for P2
[SyncSimulator.OnChoiceRequested] Received choice for P2: 0 actions
[SyncSimulator.OnChoiceRequested] Empty choice, using AutoChoose for P2
[SyncSimulator.OnChoiceRequested] After AutoChoose: 1 actions
[SyncSimulator.OnChoiceRequested] Choice requested for P1
[SyncSimulator.OnChoiceRequested] Received choice for P1: 0 actions
[SyncSimulator.OnChoiceRequested] Empty choice, using AutoChoose for P1
[SyncSimulator.OnChoiceRequested] After AutoChoose: 1 actions
[SyncSimulator.OnChoiceRequested] Choice requested for P2
[SyncSimulator.OnChoiceRequested] Received choice for P2: 0 actions
[SyncSimulator.OnChoiceRequested] Empty choice, using AutoChoose for P2
[SyncSimulator.OnChoiceRequested] After AutoChoose: 1 actions
[SyncSimulator.OnChoiceRequested] Choice requested for P2
[SyncSimulator.OnChoiceRequested] Received choice for P2: 0 actions
[SyncSimulator.OnChoiceRequested] Empty choice, using AutoChoose for P2
[SyncSimulator.OnChoiceRequested] After AutoChoose: 1 actions
[SyncSimulator.OnChoiceRequested] Choice requested for P1
[SyncSimulator.OnChoiceRequested] Received choice for P1: 0 actions
[SyncSimulator.OnChoiceRequested] Empty choice, using AutoChoose for P1
[SyncSimulator.OnChoiceRequested] After AutoChoose: 1 actions
[SyncSimulator.OnChoiceRequested] Choice requested for P2
[SyncSimulator.OnChoiceRequested] Received choice for P2: 0 actions
[SyncSimulator.OnChoiceRequested] Empty choice, using AutoChoose for P2
[SyncSimulator.OnChoiceRequested] After AutoChoose: 1 actions
[SyncSimulator.OnChoiceRequested] Choice requested for P2
[SyncSimulator.OnChoiceRequested] Received choice for P2: 0 actions
[SyncSimulator.OnChoiceRequested] Empty choice, using AutoChoose for P2
[SyncSimulator.OnChoiceRequested] After AutoChoose: 1 actions
[SyncSimulator.OnChoiceRequested] Choice requested for P1
[SyncSimulator.OnChoiceRequested] Received choice for P1: 0 actions
[SyncSimulator.OnChoiceRequested] Empty choice, using AutoChoose for P1
[SyncSimulator.OnChoiceRequested] After AutoChoose: 1 actions
[SyncSimulator.OnChoiceRequested] Choice requested for P2
[SyncSimulator.OnChoiceRequested] Received choice for P2: 0 actions
[SyncSimulator.OnChoiceRequested] Empty choice, using AutoChoose for P2
[SyncSimulator.OnChoiceRequested] After AutoChoose: 1 actions
[SyncSimulator.OnChoiceRequested] Choice requested for P2
[SyncSimulator.OnChoiceRequested] Received choice for P2: 0 actions
[SyncSimulator.OnChoiceRequested] Empty choice, using AutoChoose for P2
[SyncSimulator.OnChoiceRequested] After AutoChoose: 1 actions
[SyncSimulator.OnChoiceRequested] Choice requested for P1
[SyncSimulator.OnChoiceRequested] Received choice for P1: 0 actions
[SyncSimulator.OnChoiceRequested] Empty choice, using AutoChoose for P1
[SyncSimulator.OnChoiceRequested] After AutoChoose: 1 actions
[SyncSimulator.OnChoiceRequested] Choice requested for P2
[SyncSimulator.OnChoiceRequested] Received choice for P2: 0 actions
[SyncSimulator.OnChoiceRequested] Empty choice, using AutoChoose for P2
[SyncSimulator.OnChoiceRequested] After AutoChoose: 1 actions
[SyncSimulator.OnChoiceRequested] Choice requested for P1
[SyncSimulator.OnChoiceRequested] Received choice for P1: 0 actions
[SyncSimulator.OnChoiceRequested] Empty choice, using AutoChoose for P1
[SyncSimulator.OnChoiceRequested] After AutoChoose: 1 actions
[SyncSimulator.OnChoiceRequested] Choice requested for P2
[SyncSimulator.OnChoiceRequested] Received choice for P2: 0 actions
[SyncSimulator.OnChoiceRequested] Empty choice, using AutoChoose for P2
[SyncSimulator.OnChoiceRequested] After AutoChoose: 1 actions
[SyncSimulator.OnChoiceRequested] Choice requested for P1
[SyncSimulator.OnChoiceRequested] Received choice for P1: 0 actions
[SyncSimulator.OnChoiceRequested] Empty choice, using AutoChoose for P1
[SyncSimulator.OnChoiceRequested] After AutoChoose: 1 actions
[SyncSimulator.OnChoiceRequested] Choice requested for P1
[SyncSimulator.OnChoiceRequested] Received choice for P1: 0 actions
[SyncSimulator.OnChoiceRequested] Empty choice, using AutoChoose for P1
[SyncSimulator.OnChoiceRequested] After AutoChoose: 1 actions
[SyncSimulator.OnChoiceRequested] Choice requested for P2
[SyncSimulator.OnChoiceRequested] Received choice for P2: 0 actions
[SyncSimulator.OnChoiceRequested] Empty choice, using AutoChoose for P2
[SyncSimulator.OnChoiceRequested] After AutoChoose: 1 actions
[SyncSimulator.OnChoiceRequested] Choice requested for P1
[SyncSimulator.OnChoiceRequested] Received choice for P1: 0 actions
[SyncSimulator.OnChoiceRequested] Empty choice, using AutoChoose for P1
[SyncSimulator.OnChoiceRequested] After AutoChoose: 1 actions
[SyncSimulator.OnChoiceRequested] Choice requested for P2
[SyncSimulator.OnChoiceRequested] Received choice for P2: 0 actions
[SyncSimulator.OnChoiceRequested] Empty choice, using AutoChoose for P2
[SyncSimulator.OnChoiceRequested] After AutoChoose: 1 actions
[SyncSimulator.OnChoiceRequested] Choice requested for P1
[SyncSimulator.OnChoiceRequested] Received choice for P1: 0 actions
[SyncSimulator.OnChoiceRequested] Empty choice, using AutoChoose for P1
[SyncSimulator.OnChoiceRequested] After AutoChoose: 1 actions
[SyncSimulator.OnChoiceRequested] Choice requested for P2
[SyncSimulator.OnChoiceRequested] Received choice for P2: 0 actions
[SyncSimulator.OnChoiceRequested] Empty choice, using AutoChoose for P2
[SyncSimulator.OnChoiceRequested] After AutoChoose: 1 actions
[SyncSimulator.OnChoiceRequested] Choice requested for P1
[SyncSimulator.OnChoiceRequested] Received choice for P1: 0 actions
[SyncSimulator.OnChoiceRequested] Empty choice, using AutoChoose for P1
[SyncSimulator.OnChoiceRequested] After AutoChoose: 1 actions
[SyncSimulator.OnChoiceRequested] Choice requested for P2
[SyncSimulator.OnChoiceRequested] Received choice for P2: 0 actions
[SyncSimulator.OnChoiceRequested] Empty choice, using AutoChoose for P2
[SyncSimulator.OnChoiceRequested] After AutoChoose: 1 actions
[SyncSimulator.OnChoiceRequested] Choice requested for P1
[SyncSimulator.OnChoiceRequested] Received choice for P1: 0 actions
[SyncSimulator.OnChoiceRequested] Empty choice, using AutoChoose for P1
[SyncSimulator.OnChoiceRequested] After AutoChoose: 1 actions
[SyncSimulator.OnChoiceRequested] Choice requested for P2
[SyncSimulator.OnChoiceRequested] Received choice for P2: 0 actions
[SyncSimulator.OnChoiceRequested] Empty choice, using AutoChoose for P2
[SyncSimulator.OnChoiceRequested] After AutoChoose: 1 actions
[SyncSimulator.OnChoiceRequested] Choice requested for P1
[SyncSimulator.OnChoiceRequested] Received choice for P1: 0 actions
[SyncSimulator.OnChoiceRequested] Empty choice, using AutoChoose for P1
[SyncSimulator.OnChoiceRequested] After AutoChoose: 1 actions
[SyncSimulator.OnChoiceRequested] Choice requested for P2
[SyncSimulator.OnChoiceRequested] Received choice for P2: 0 actions
[SyncSimulator.OnChoiceRequested] Empty choice, using AutoChoose for P2
[SyncSimulator.OnChoiceRequested] After AutoChoose: 1 actions
[SyncSimulator.OnChoiceRequested] Choice requested for P1
[SyncSimulator.OnChoiceRequested] Received choice for P1: 0 actions
[SyncSimulator.OnChoiceRequested] Empty choice, using AutoChoose for P1
[SyncSimulator.OnChoiceRequested] After AutoChoose: 1 actions
[SyncSimulator.OnChoiceRequested] Choice requested for P2
[SyncSimulator.OnChoiceRequested] Received choice for P2: 0 actions
[SyncSimulator.OnChoiceRequested] Empty choice, using AutoChoose for P2
[SyncSimulator.OnChoiceRequested] After AutoChoose: 1 actions
[SyncSimulator.OnChoiceRequested] Choice requested for P1
[SyncSimulator.OnChoiceRequested] Received choice for P1: 0 actions
[SyncSimulator.OnChoiceRequested] Empty choice, using AutoChoose for P1
[SyncSimulator.OnChoiceRequested] After AutoChoose: 1 actions
[SyncSimulator.OnChoiceRequested] Choice requested for P2
[SyncSimulator.OnChoiceRequested] Received choice for P2: 0 actions
[SyncSimulator.OnChoiceRequested] Empty choice, using AutoChoose for P2
[SyncSimulator.OnChoiceRequested] After AutoChoose: 1 actions
[SyncSimulator.OnChoiceRequested] Choice requested for P1
[SyncSimulator.OnChoiceRequested] Received choice for P1: 0 actions
[SyncSimulator.OnChoiceRequested] Empty choice, using AutoChoose for P1
[SyncSimulator.OnChoiceRequested] After AutoChoose: 1 actions
[SyncSimulator.OnChoiceRequested] Choice requested for P2
[SyncSimulator.OnChoiceRequested] Received choice for P2: 0 actions
[SyncSimulator.OnChoiceRequested] Empty choice, using AutoChoose for P2
[SyncSimulator.OnChoiceRequested] After AutoChoose: 1 actions
[SyncSimulator.OnChoiceRequested] Choice requested for P1
[SyncSimulator.OnChoiceRequested] Received choice for P1: 0 actions
[SyncSimulator.OnChoiceRequested] Empty choice, using AutoChoose for P1
[SyncSimulator.OnChoiceRequested] After AutoChoose: 1 actions
[SyncSimulator.OnChoiceRequested] Choice requested for P2
[SyncSimulator.OnChoiceRequested] Received choice for P2: 0 actions
[SyncSimulator.OnChoiceRequested] Empty choice, using AutoChoose for P2
[SyncSimulator.OnChoiceRequested] After AutoChoose: 1 actions
[SyncSimulator.OnChoiceRequested] Choice requested for P1
[SyncSimulator.OnChoiceRequested] Received choice for P1: 0 actions
[SyncSimulator.OnChoiceRequested] Empty choice, using AutoChoose for P1
[SyncSimulator.OnChoiceRequested] After AutoChoose: 1 actions
[SyncSimulator.OnChoiceRequested] Choice requested for P2
[SyncSimulator.OnChoiceRequested] Received choice for P2: 0 actions
[SyncSimulator.OnChoiceRequested] Empty choice, using AutoChoose for P2
[SyncSimulator.OnChoiceRequested] After AutoChoose: 1 actions
[SyncSimulator.OnChoiceRequested] Choice requested for P1
[SyncSimulator.OnChoiceRequested] Received choice for P1: 0 actions
[SyncSimulator.OnChoiceRequested] Empty choice, using AutoChoose for P1
[SyncSimulator.OnChoiceRequested] After AutoChoose: 1 actions
[SyncSimulator.OnChoiceRequested] Choice requested for P2
[SyncSimulator.OnChoiceRequested] Received choice for P2: 0 actions
[SyncSimulator.OnChoiceRequested] Empty choice, using AutoChoose for P2
[SyncSimulator.OnChoiceRequested] After AutoChoose: 1 actions
[SyncSimulator.OnChoiceRequested] Choice requested for P1
[SyncSimulator.OnChoiceRequested] Received choice for P1: 0 actions
[SyncSimulator.OnChoiceRequested] Empty choice, using AutoChoose for P1
[SyncSimulator.OnChoiceRequested] After AutoChoose: 1 actions
[SyncSimulator.OnChoiceRequested] Choice requested for P2
[SyncSimulator.OnChoiceRequested] Received choice for P2: 0 actions
[SyncSimulator.OnChoiceRequested] Empty choice, using AutoChoose for P2
[SyncSimulator.OnChoiceRequested] After AutoChoose: 1 actions
[SyncSimulator.OnChoiceRequested] Choice requested for P1
[SyncSimulator.OnChoiceRequested] Received choice for P1: 0 actions
[SyncSimulator.OnChoiceRequested] Empty choice, using AutoChoose for P1
[SyncSimulator.OnChoiceRequested] After AutoChoose: 1 actions
[SyncSimulator.OnBattleEnded] Battle ended, winner: Random 1
[Driver] Battle completed with result: Player2Win

=== Battle Complete ===
Winner: Player2Win
